// Jest Snapshot v1, https://goo.gl/fbAQLP

exports[`Test on ProductTitle should show the component right with the custom title 1`] = `
<span
  className="productDescription customTestClassname"
>
  Custom-title
</span>
`;

exports[`Test on ProductTitle should show the component with the product name 1`] = `
<div
  className=" productCard undefined"
>
  <span
    className="productDescription undefined"
  >
    Coffee Mug - without image
  </span>
</div>
`;
